<testsuites id="" name="" tests="70" failures="14" skipped="0" errors="0" time="32.401796">
<testsuite name="api.spec.ts" timestamp="2025-10-29T01:24:31.945Z" hostname="chromium" tests="8" failures="0" skipped="0" time="3.063" errors="0">
<testcase name="API Tests › should get all users" classname="api.spec.ts" time="0.246">
</testcase>
<testcase name="API Tests › should get specific user by ID" classname="api.spec.ts" time="0.082">
</testcase>
<testcase name="API Tests › should create new user" classname="api.spec.ts" time="0.471">
</testcase>
<testcase name="API Tests › should update user" classname="api.spec.ts" time="0.786">
</testcase>
<testcase name="API Tests › should delete user" classname="api.spec.ts" time="1.04">
</testcase>
<testcase name="API Tests › should handle 404 for non-existent user" classname="api.spec.ts" time="0.083">
</testcase>
<testcase name="API Tests › should get user posts" classname="api.spec.ts" time="0.275">
</testcase>
<testcase name="API Tests › should validate response headers" classname="api.spec.ts" time="0.08">
</testcase>
</testsuite>
<testsuite name="homepage.spec.ts" timestamp="2025-10-29T01:24:31.945Z" hostname="chromium" tests="6" failures="1" skipped="0" time="12.714" errors="0">
<testcase name="Homepage Tests › should load homepage successfully" classname="homepage.spec.ts" time="1.523">
</testcase>
<testcase name="Homepage Tests › should display navigation menu" classname="homepage.spec.ts" time="1.513">
</testcase>
<testcase name="Homepage Tests › should perform search functionality" classname="homepage.spec.ts" time="1.794">
</testcase>
<testcase name="Homepage Tests › should navigate to getting started page" classname="homepage.spec.ts" time="1.683">
</testcase>
<testcase name="Homepage Tests › should handle mobile viewport" classname="homepage.spec.ts" time="4.387">
<failure message="homepage.spec.ts:56:7 should handle mobile viewport" type="FAILURE">
<![CDATA[  [chromium] › homepage.spec.ts:56:7 › Homepage Tests › should handle mobile viewport ──────────────

    Error: expect(received).toBeTruthy()

    Received: false

      66 |     // Verify page loads correctly on mobile
      67 |     const isLogoVisible = await homePage.verifyHomePageLoaded();
    > 68 |     expect(isLogoVisible).toBeTruthy();
         |                           ^
      69 |     
      70 |     // Verify viewport size is correct
      71 |     const viewportSize = page.viewportSize();
        at C:\Users\Autom\TestAuto-Pw\tests\homepage.spec.ts:68:27

    attachment #1: screenshot (image/png) ──────────────────────────────────────────────────────────
    ..\test-results\homepage-Homepage-Tests-should-handle-mobile-viewport-chromium\test-failed-1.png
    ────────────────────────────────────────────────────────────────────────────────────────────────

    attachment #2: video (video/webm) ──────────────────────────────────────────────────────────────
    ..\test-results\homepage-Homepage-Tests-should-handle-mobile-viewport-chromium\video.webm
    ────────────────────────────────────────────────────────────────────────────────────────────────

    Error Context: ..\test-results\homepage-Homepage-Tests-should-handle-mobile-viewport-chromium\error-context.md

    Retry #1 ───────────────────────────────────────────────────────────────────────────────────────

    Error: expect(received).toBeTruthy()

    Received: false

      66 |     // Verify page loads correctly on mobile
      67 |     const isLogoVisible = await homePage.verifyHomePageLoaded();
    > 68 |     expect(isLogoVisible).toBeTruthy();
         |                           ^
      69 |     
      70 |     // Verify viewport size is correct
      71 |     const viewportSize = page.viewportSize();
        at C:\Users\Autom\TestAuto-Pw\tests\homepage.spec.ts:68:27

    attachment #1: screenshot (image/png) ──────────────────────────────────────────────────────────
    ..\test-results\homepage-Homepage-Tests-should-handle-mobile-viewport-chromium-retry1\test-failed-1.png
    ────────────────────────────────────────────────────────────────────────────────────────────────

    attachment #2: video (video/webm) ──────────────────────────────────────────────────────────────
    ..\test-results\homepage-Homepage-Tests-should-handle-mobile-viewport-chromium-retry1\video.webm
    ────────────────────────────────────────────────────────────────────────────────────────────────

    Error Context: ..\test-results\homepage-Homepage-Tests-should-handle-mobile-viewport-chromium-retry1\error-context.md

    attachment #4: trace (application/zip) ─────────────────────────────────────────────────────────
    ..\test-results\homepage-Homepage-Tests-should-handle-mobile-viewport-chromium-retry1\trace.zip
    Usage:

        npx playwright show-trace ..\test-results\homepage-Homepage-Tests-should-handle-mobile-viewport-chromium-retry1\trace.zip

    ────────────────────────────────────────────────────────────────────────────────────────────────
]]>
</failure>
<system-out>
<![CDATA[
[[ATTACHMENT|test-results\homepage-Homepage-Tests-should-handle-mobile-viewport-chromium\test-failed-1.png]]

[[ATTACHMENT|test-results\homepage-Homepage-Tests-should-handle-mobile-viewport-chromium\video.webm]]

[[ATTACHMENT|test-results\homepage-Homepage-Tests-should-handle-mobile-viewport-chromium\error-context.md]]

[[ATTACHMENT|test-results\homepage-Homepage-Tests-should-handle-mobile-viewport-chromium-retry1\test-failed-1.png]]

[[ATTACHMENT|test-results\homepage-Homepage-Tests-should-handle-mobile-viewport-chromium-retry1\video.webm]]

[[ATTACHMENT|test-results\homepage-Homepage-Tests-should-handle-mobile-viewport-chromium-retry1\error-context.md]]

[[ATTACHMENT|test-results\homepage-Homepage-Tests-should-handle-mobile-viewport-chromium-retry1\trace.zip]]
]]>
</system-out>
</testcase>
<testcase name="Homepage Tests › should take screenshot for visual testing" classname="homepage.spec.ts" time="1.814">
</testcase>
</testsuite>
<testsuite name="api.spec.ts" timestamp="2025-10-29T01:24:31.945Z" hostname="firefox" tests="8" failures="0" skipped="0" time="2.402" errors="0">
<testcase name="API Tests › should get all users" classname="api.spec.ts" time="0.268">
</testcase>
<testcase name="API Tests › should get specific user by ID" classname="api.spec.ts" time="0.074">
</testcase>
<testcase name="API Tests › should create new user" classname="api.spec.ts" time="0.456">
</testcase>
<testcase name="API Tests › should update user" classname="api.spec.ts" time="0.317">
</testcase>
<testcase name="API Tests › should delete user" classname="api.spec.ts" time="0.905">
</testcase>
<testcase name="API Tests › should handle 404 for non-existent user" classname="api.spec.ts" time="0.073">
</testcase>
<testcase name="API Tests › should get user posts" classname="api.spec.ts" time="0.236">
</testcase>
<testcase name="API Tests › should validate response headers" classname="api.spec.ts" time="0.073">
</testcase>
</testsuite>
<testsuite name="homepage.spec.ts" timestamp="2025-10-29T01:24:31.945Z" hostname="firefox" tests="6" failures="6" skipped="0" time="0.045" errors="0">
<testcase name="Homepage Tests › should load homepage successfully" classname="homepage.spec.ts" time="0.011">
<failure message="homepage.spec.ts:9:7 should load homepage successfully" type="FAILURE">
<![CDATA[  [firefox] › homepage.spec.ts:9:7 › Homepage Tests › should load homepage successfully ────────────

    Error: browserType.launch: Executable doesn't exist at C:\Users\Autom\AppData\Local\ms-playwright\firefox-1495\firefox\firefox.exe
    ╔═════════════════════════════════════════════════════════════════════════╗
    ║ Looks like Playwright Test or Playwright was just installed or updated. ║
    ║ Please run the following command to download new browsers:              ║
    ║                                                                         ║
    ║     npx playwright install                                              ║
    ║                                                                         ║
    ║ <3 Playwright Team                                                      ║
    ╚═════════════════════════════════════════════════════════════════════════╝

    Retry #1 ───────────────────────────────────────────────────────────────────────────────────────

    Error: browserType.launch: Executable doesn't exist at C:\Users\Autom\AppData\Local\ms-playwright\firefox-1495\firefox\firefox.exe
    ╔═════════════════════════════════════════════════════════════════════════╗
    ║ Looks like Playwright Test or Playwright was just installed or updated. ║
    ║ Please run the following command to download new browsers:              ║
    ║                                                                         ║
    ║     npx playwright install                                              ║
    ║                                                                         ║
    ║ <3 Playwright Team                                                      ║
    ╚═════════════════════════════════════════════════════════════════════════╝

    attachment #1: trace (application/zip) ─────────────────────────────────────────────────────────
    ..\test-results\homepage-Homepage-Tests-should-load-homepage-successfully-firefox-retry1\trace.zip
    Usage:

        npx playwright show-trace ..\test-results\homepage-Homepage-Tests-should-load-homepage-successfully-firefox-retry1\trace.zip

    ────────────────────────────────────────────────────────────────────────────────────────────────
]]>
</failure>
<system-out>
<![CDATA[
[[ATTACHMENT|test-results\homepage-Homepage-Tests-should-load-homepage-successfully-firefox-retry1\trace.zip]]
]]>
</system-out>
</testcase>
<testcase name="Homepage Tests › should display navigation menu" classname="homepage.spec.ts" time="0.006">
<failure message="homepage.spec.ts:19:7 should display navigation menu" type="FAILURE">
<![CDATA[  [firefox] › homepage.spec.ts:19:7 › Homepage Tests › should display navigation menu ──────────────

    Error: browserType.launch: Executable doesn't exist at C:\Users\Autom\AppData\Local\ms-playwright\firefox-1495\firefox\firefox.exe
    ╔═════════════════════════════════════════════════════════════════════════╗
    ║ Looks like Playwright Test or Playwright was just installed or updated. ║
    ║ Please run the following command to download new browsers:              ║
    ║                                                                         ║
    ║     npx playwright install                                              ║
    ║                                                                         ║
    ║ <3 Playwright Team                                                      ║
    ╚═════════════════════════════════════════════════════════════════════════╝

    Retry #1 ───────────────────────────────────────────────────────────────────────────────────────

    Error: browserType.launch: Executable doesn't exist at C:\Users\Autom\AppData\Local\ms-playwright\firefox-1495\firefox\firefox.exe
    ╔═════════════════════════════════════════════════════════════════════════╗
    ║ Looks like Playwright Test or Playwright was just installed or updated. ║
    ║ Please run the following command to download new browsers:              ║
    ║                                                                         ║
    ║     npx playwright install                                              ║
    ║                                                                         ║
    ║ <3 Playwright Team                                                      ║
    ╚═════════════════════════════════════════════════════════════════════════╝

    attachment #1: trace (application/zip) ─────────────────────────────────────────────────────────
    ..\test-results\homepage-Homepage-Tests-should-display-navigation-menu-firefox-retry1\trace.zip
    Usage:

        npx playwright show-trace ..\test-results\homepage-Homepage-Tests-should-display-navigation-menu-firefox-retry1\trace.zip

    ────────────────────────────────────────────────────────────────────────────────────────────────
]]>
</failure>
<system-out>
<![CDATA[
[[ATTACHMENT|test-results\homepage-Homepage-Tests-should-display-navigation-menu-firefox-retry1\trace.zip]]
]]>
</system-out>
</testcase>
<testcase name="Homepage Tests › should perform search functionality" classname="homepage.spec.ts" time="0.007">
<failure message="homepage.spec.ts:29:7 should perform search functionality" type="FAILURE">
<![CDATA[  [firefox] › homepage.spec.ts:29:7 › Homepage Tests › should perform search functionality ─────────

    Error: browserType.launch: Executable doesn't exist at C:\Users\Autom\AppData\Local\ms-playwright\firefox-1495\firefox\firefox.exe
    ╔═════════════════════════════════════════════════════════════════════════╗
    ║ Looks like Playwright Test or Playwright was just installed or updated. ║
    ║ Please run the following command to download new browsers:              ║
    ║                                                                         ║
    ║     npx playwright install                                              ║
    ║                                                                         ║
    ║ <3 Playwright Team                                                      ║
    ╚═════════════════════════════════════════════════════════════════════════╝

    Retry #1 ───────────────────────────────────────────────────────────────────────────────────────

    Error: browserType.launch: Executable doesn't exist at C:\Users\Autom\AppData\Local\ms-playwright\firefox-1495\firefox\firefox.exe
    ╔═════════════════════════════════════════════════════════════════════════╗
    ║ Looks like Playwright Test or Playwright was just installed or updated. ║
    ║ Please run the following command to download new browsers:              ║
    ║                                                                         ║
    ║     npx playwright install                                              ║
    ║                                                                         ║
    ║ <3 Playwright Team                                                      ║
    ╚═════════════════════════════════════════════════════════════════════════╝

    attachment #1: trace (application/zip) ─────────────────────────────────────────────────────────
    ..\test-results\homepage-Homepage-Tests-should-perform-search-functionality-firefox-retry1\trace.zip
    Usage:

        npx playwright show-trace ..\test-results\homepage-Homepage-Tests-should-perform-search-functionality-firefox-retry1\trace.zip

    ────────────────────────────────────────────────────────────────────────────────────────────────
]]>
</failure>
<system-out>
<![CDATA[
[[ATTACHMENT|test-results\homepage-Homepage-Tests-should-perform-search-functionality-firefox-retry1\trace.zip]]
]]>
</system-out>
</testcase>
<testcase name="Homepage Tests › should navigate to getting started page" classname="homepage.spec.ts" time="0.006">
<failure message="homepage.spec.ts:46:7 should navigate to getting started page" type="FAILURE">
<![CDATA[  [firefox] › homepage.spec.ts:46:7 › Homepage Tests › should navigate to getting started page ─────

    Error: browserType.launch: Executable doesn't exist at C:\Users\Autom\AppData\Local\ms-playwright\firefox-1495\firefox\firefox.exe
    ╔═════════════════════════════════════════════════════════════════════════╗
    ║ Looks like Playwright Test or Playwright was just installed or updated. ║
    ║ Please run the following command to download new browsers:              ║
    ║                                                                         ║
    ║     npx playwright install                                              ║
    ║                                                                         ║
    ║ <3 Playwright Team                                                      ║
    ╚═════════════════════════════════════════════════════════════════════════╝

    Retry #1 ───────────────────────────────────────────────────────────────────────────────────────

    Error: browserType.launch: Executable doesn't exist at C:\Users\Autom\AppData\Local\ms-playwright\firefox-1495\firefox\firefox.exe
    ╔═════════════════════════════════════════════════════════════════════════╗
    ║ Looks like Playwright Test or Playwright was just installed or updated. ║
    ║ Please run the following command to download new browsers:              ║
    ║                                                                         ║
    ║     npx playwright install                                              ║
    ║                                                                         ║
    ║ <3 Playwright Team                                                      ║
    ╚═════════════════════════════════════════════════════════════════════════╝

    attachment #1: trace (application/zip) ─────────────────────────────────────────────────────────
    ..\test-results\homepage-Homepage-Tests-sh-d6845-ate-to-getting-started-page-firefox-retry1\trace.zip
    Usage:

        npx playwright show-trace ..\test-results\homepage-Homepage-Tests-sh-d6845-ate-to-getting-started-page-firefox-retry1\trace.zip

    ────────────────────────────────────────────────────────────────────────────────────────────────
]]>
</failure>
<system-out>
<![CDATA[
[[ATTACHMENT|test-results\homepage-Homepage-Tests-sh-d6845-ate-to-getting-started-page-firefox-retry1\trace.zip]]
]]>
</system-out>
</testcase>
<testcase name="Homepage Tests › should handle mobile viewport" classname="homepage.spec.ts" time="0.006">
<failure message="homepage.spec.ts:56:7 should handle mobile viewport" type="FAILURE">
<![CDATA[  [firefox] › homepage.spec.ts:56:7 › Homepage Tests › should handle mobile viewport ───────────────

    Error: browserType.launch: Executable doesn't exist at C:\Users\Autom\AppData\Local\ms-playwright\firefox-1495\firefox\firefox.exe
    ╔═════════════════════════════════════════════════════════════════════════╗
    ║ Looks like Playwright Test or Playwright was just installed or updated. ║
    ║ Please run the following command to download new browsers:              ║
    ║                                                                         ║
    ║     npx playwright install                                              ║
    ║                                                                         ║
    ║ <3 Playwright Team                                                      ║
    ╚═════════════════════════════════════════════════════════════════════════╝

    Retry #1 ───────────────────────────────────────────────────────────────────────────────────────

    Error: browserType.launch: Executable doesn't exist at C:\Users\Autom\AppData\Local\ms-playwright\firefox-1495\firefox\firefox.exe
    ╔═════════════════════════════════════════════════════════════════════════╗
    ║ Looks like Playwright Test or Playwright was just installed or updated. ║
    ║ Please run the following command to download new browsers:              ║
    ║                                                                         ║
    ║     npx playwright install                                              ║
    ║                                                                         ║
    ║ <3 Playwright Team                                                      ║
    ╚═════════════════════════════════════════════════════════════════════════╝

    attachment #1: trace (application/zip) ─────────────────────────────────────────────────────────
    ..\test-results\homepage-Homepage-Tests-should-handle-mobile-viewport-firefox-retry1\trace.zip
    Usage:

        npx playwright show-trace ..\test-results\homepage-Homepage-Tests-should-handle-mobile-viewport-firefox-retry1\trace.zip

    ────────────────────────────────────────────────────────────────────────────────────────────────
]]>
</failure>
<system-out>
<![CDATA[
[[ATTACHMENT|test-results\homepage-Homepage-Tests-should-handle-mobile-viewport-firefox-retry1\trace.zip]]
]]>
</system-out>
</testcase>
<testcase name="Homepage Tests › should take screenshot for visual testing" classname="homepage.spec.ts" time="0.009">
<failure message="homepage.spec.ts:76:7 should take screenshot for visual testing" type="FAILURE">
<![CDATA[  [firefox] › homepage.spec.ts:76:7 › Homepage Tests › should take screenshot for visual testing ───

    Error: browserType.launch: Executable doesn't exist at C:\Users\Autom\AppData\Local\ms-playwright\firefox-1495\firefox\firefox.exe
    ╔═════════════════════════════════════════════════════════════════════════╗
    ║ Looks like Playwright Test or Playwright was just installed or updated. ║
    ║ Please run the following command to download new browsers:              ║
    ║                                                                         ║
    ║     npx playwright install                                              ║
    ║                                                                         ║
    ║ <3 Playwright Team                                                      ║
    ╚═════════════════════════════════════════════════════════════════════════╝

    Retry #1 ───────────────────────────────────────────────────────────────────────────────────────

    Error: browserType.launch: Executable doesn't exist at C:\Users\Autom\AppData\Local\ms-playwright\firefox-1495\firefox\firefox.exe
    ╔═════════════════════════════════════════════════════════════════════════╗
    ║ Looks like Playwright Test or Playwright was just installed or updated. ║
    ║ Please run the following command to download new browsers:              ║
    ║                                                                         ║
    ║     npx playwright install                                              ║
    ║                                                                         ║
    ║ <3 Playwright Team                                                      ║
    ╚═════════════════════════════════════════════════════════════════════════╝

    attachment #1: trace (application/zip) ─────────────────────────────────────────────────────────
    ..\test-results\homepage-Homepage-Tests-sh-b8d97-reenshot-for-visual-testing-firefox-retry1\trace.zip
    Usage:

        npx playwright show-trace ..\test-results\homepage-Homepage-Tests-sh-b8d97-reenshot-for-visual-testing-firefox-retry1\trace.zip

    ────────────────────────────────────────────────────────────────────────────────────────────────
]]>
</failure>
<system-out>
<![CDATA[
[[ATTACHMENT|test-results\homepage-Homepage-Tests-sh-b8d97-reenshot-for-visual-testing-firefox-retry1\trace.zip]]
]]>
</system-out>
</testcase>
</testsuite>
<testsuite name="api.spec.ts" timestamp="2025-10-29T01:24:31.945Z" hostname="webkit" tests="8" failures="0" skipped="0" time="2.022" errors="0">
<testcase name="API Tests › should get all users" classname="api.spec.ts" time="0.249">
</testcase>
<testcase name="API Tests › should get specific user by ID" classname="api.spec.ts" time="0.08">
</testcase>
<testcase name="API Tests › should create new user" classname="api.spec.ts" time="0.465">
</testcase>
<testcase name="API Tests › should update user" classname="api.spec.ts" time="0.315">
</testcase>
<testcase name="API Tests › should delete user" classname="api.spec.ts" time="0.489">
</testcase>
<testcase name="API Tests › should handle 404 for non-existent user" classname="api.spec.ts" time="0.078">
</testcase>
<testcase name="API Tests › should get user posts" classname="api.spec.ts" time="0.266">
</testcase>
<testcase name="API Tests › should validate response headers" classname="api.spec.ts" time="0.08">
</testcase>
</testsuite>
<testsuite name="homepage.spec.ts" timestamp="2025-10-29T01:24:31.945Z" hostname="webkit" tests="6" failures="1" skipped="0" time="20.116" errors="0">
<testcase name="Homepage Tests › should load homepage successfully" classname="homepage.spec.ts" time="2.362">
</testcase>
<testcase name="Homepage Tests › should display navigation menu" classname="homepage.spec.ts" time="2.193">
</testcase>
<testcase name="Homepage Tests › should perform search functionality" classname="homepage.spec.ts" time="2.968">
</testcase>
<testcase name="Homepage Tests › should navigate to getting started page" classname="homepage.spec.ts" time="2.518">
</testcase>
<testcase name="Homepage Tests › should handle mobile viewport" classname="homepage.spec.ts" time="6.809">
<failure message="homepage.spec.ts:56:7 should handle mobile viewport" type="FAILURE">
<![CDATA[  [webkit] › homepage.spec.ts:56:7 › Homepage Tests › should handle mobile viewport ────────────────

    Error: expect(received).toBeTruthy()

    Received: false

      66 |     // Verify page loads correctly on mobile
      67 |     const isLogoVisible = await homePage.verifyHomePageLoaded();
    > 68 |     expect(isLogoVisible).toBeTruthy();
         |                           ^
      69 |     
      70 |     // Verify viewport size is correct
      71 |     const viewportSize = page.viewportSize();
        at C:\Users\Autom\TestAuto-Pw\tests\homepage.spec.ts:68:27

    attachment #1: screenshot (image/png) ──────────────────────────────────────────────────────────
    ..\test-results\homepage-Homepage-Tests-should-handle-mobile-viewport-webkit\test-failed-1.png
    ────────────────────────────────────────────────────────────────────────────────────────────────

    attachment #2: video (video/webm) ──────────────────────────────────────────────────────────────
    ..\test-results\homepage-Homepage-Tests-should-handle-mobile-viewport-webkit\video.webm
    ────────────────────────────────────────────────────────────────────────────────────────────────

    Error Context: ..\test-results\homepage-Homepage-Tests-should-handle-mobile-viewport-webkit\error-context.md

    Retry #1 ───────────────────────────────────────────────────────────────────────────────────────

    Error: expect(received).toBeTruthy()

    Received: false

      66 |     // Verify page loads correctly on mobile
      67 |     const isLogoVisible = await homePage.verifyHomePageLoaded();
    > 68 |     expect(isLogoVisible).toBeTruthy();
         |                           ^
      69 |     
      70 |     // Verify viewport size is correct
      71 |     const viewportSize = page.viewportSize();
        at C:\Users\Autom\TestAuto-Pw\tests\homepage.spec.ts:68:27

    attachment #1: screenshot (image/png) ──────────────────────────────────────────────────────────
    ..\test-results\homepage-Homepage-Tests-should-handle-mobile-viewport-webkit-retry1\test-failed-1.png
    ────────────────────────────────────────────────────────────────────────────────────────────────

    attachment #2: video (video/webm) ──────────────────────────────────────────────────────────────
    ..\test-results\homepage-Homepage-Tests-should-handle-mobile-viewport-webkit-retry1\video.webm
    ────────────────────────────────────────────────────────────────────────────────────────────────

    Error Context: ..\test-results\homepage-Homepage-Tests-should-handle-mobile-viewport-webkit-retry1\error-context.md

    attachment #4: trace (application/zip) ─────────────────────────────────────────────────────────
    ..\test-results\homepage-Homepage-Tests-should-handle-mobile-viewport-webkit-retry1\trace.zip
    Usage:

        npx playwright show-trace ..\test-results\homepage-Homepage-Tests-should-handle-mobile-viewport-webkit-retry1\trace.zip

    ────────────────────────────────────────────────────────────────────────────────────────────────
]]>
</failure>
<system-out>
<![CDATA[
[[ATTACHMENT|test-results\homepage-Homepage-Tests-should-handle-mobile-viewport-webkit\test-failed-1.png]]

[[ATTACHMENT|test-results\homepage-Homepage-Tests-should-handle-mobile-viewport-webkit\video.webm]]

[[ATTACHMENT|test-results\homepage-Homepage-Tests-should-handle-mobile-viewport-webkit\error-context.md]]

[[ATTACHMENT|test-results\homepage-Homepage-Tests-should-handle-mobile-viewport-webkit-retry1\test-failed-1.png]]

[[ATTACHMENT|test-results\homepage-Homepage-Tests-should-handle-mobile-viewport-webkit-retry1\video.webm]]

[[ATTACHMENT|test-results\homepage-Homepage-Tests-should-handle-mobile-viewport-webkit-retry1\error-context.md]]

[[ATTACHMENT|test-results\homepage-Homepage-Tests-should-handle-mobile-viewport-webkit-retry1\trace.zip]]
]]>
</system-out>
</testcase>
<testcase name="Homepage Tests › should take screenshot for visual testing" classname="homepage.spec.ts" time="3.266">
</testcase>
</testsuite>
<testsuite name="api.spec.ts" timestamp="2025-10-29T01:24:31.945Z" hostname="mobile-chrome" tests="8" failures="0" skipped="0" time="2.06" errors="0">
<testcase name="API Tests › should get all users" classname="api.spec.ts" time="0.244">
</testcase>
<testcase name="API Tests › should get specific user by ID" classname="api.spec.ts" time="0.078">
</testcase>
<testcase name="API Tests › should create new user" classname="api.spec.ts" time="0.488">
</testcase>
<testcase name="API Tests › should update user" classname="api.spec.ts" time="0.343">
</testcase>
<testcase name="API Tests › should delete user" classname="api.spec.ts" time="0.488">
</testcase>
<testcase name="API Tests › should handle 404 for non-existent user" classname="api.spec.ts" time="0.087">
</testcase>
<testcase name="API Tests › should get user posts" classname="api.spec.ts" time="0.256">
</testcase>
<testcase name="API Tests › should validate response headers" classname="api.spec.ts" time="0.076">
</testcase>
</testsuite>
<testsuite name="homepage.spec.ts" timestamp="2025-10-29T01:24:31.945Z" hostname="mobile-chrome" tests="6" failures="3" skipped="0" time="18.412" errors="0">
<testcase name="Homepage Tests › should load homepage successfully" classname="homepage.spec.ts" time="3.098">
<failure message="homepage.spec.ts:9:7 should load homepage successfully" type="FAILURE">
<![CDATA[  [mobile-chrome] › homepage.spec.ts:9:7 › Homepage Tests › should load homepage successfully ──────

    Error: expect(received).toBeTruthy()

    Received: false

      14 |     // Verify homepage elements are visible
      15 |     const isLogoVisible = await homePage.verifyHomePageLoaded();
    > 16 |     expect(isLogoVisible).toBeTruthy();
         |                           ^
      17 |   });
      18 |
      19 |   test('should display navigation menu', async ({ homePage }) => {
        at C:\Users\Autom\TestAuto-Pw\tests\homepage.spec.ts:16:27

    attachment #1: screenshot (image/png) ──────────────────────────────────────────────────────────
    ..\test-results\homepage-Homepage-Tests-should-load-homepage-successfully-mobile-chrome\test-failed-1.png
    ────────────────────────────────────────────────────────────────────────────────────────────────

    attachment #2: video (video/webm) ──────────────────────────────────────────────────────────────
    ..\test-results\homepage-Homepage-Tests-should-load-homepage-successfully-mobile-chrome\video.webm
    ────────────────────────────────────────────────────────────────────────────────────────────────

    Error Context: ..\test-results\homepage-Homepage-Tests-should-load-homepage-successfully-mobile-chrome\error-context.md

    Retry #1 ───────────────────────────────────────────────────────────────────────────────────────

    Error: expect(received).toBeTruthy()

    Received: false

      14 |     // Verify homepage elements are visible
      15 |     const isLogoVisible = await homePage.verifyHomePageLoaded();
    > 16 |     expect(isLogoVisible).toBeTruthy();
         |                           ^
      17 |   });
      18 |
      19 |   test('should display navigation menu', async ({ homePage }) => {
        at C:\Users\Autom\TestAuto-Pw\tests\homepage.spec.ts:16:27

    attachment #1: screenshot (image/png) ──────────────────────────────────────────────────────────
    ..\test-results\homepage-Homepage-Tests-should-load-homepage-successfully-mobile-chrome-retry1\test-failed-1.png
    ────────────────────────────────────────────────────────────────────────────────────────────────

    attachment #2: video (video/webm) ──────────────────────────────────────────────────────────────
    ..\test-results\homepage-Homepage-Tests-should-load-homepage-successfully-mobile-chrome-retry1\video.webm
    ────────────────────────────────────────────────────────────────────────────────────────────────

    Error Context: ..\test-results\homepage-Homepage-Tests-should-load-homepage-successfully-mobile-chrome-retry1\error-context.md

    attachment #4: trace (application/zip) ─────────────────────────────────────────────────────────
    ..\test-results\homepage-Homepage-Tests-should-load-homepage-successfully-mobile-chrome-retry1\trace.zip
    Usage:

        npx playwright show-trace ..\test-results\homepage-Homepage-Tests-should-load-homepage-successfully-mobile-chrome-retry1\trace.zip

    ────────────────────────────────────────────────────────────────────────────────────────────────
]]>
</failure>
<system-out>
<![CDATA[
[[ATTACHMENT|test-results\homepage-Homepage-Tests-should-load-homepage-successfully-mobile-chrome\test-failed-1.png]]

[[ATTACHMENT|test-results\homepage-Homepage-Tests-should-load-homepage-successfully-mobile-chrome\video.webm]]

[[ATTACHMENT|test-results\homepage-Homepage-Tests-should-load-homepage-successfully-mobile-chrome\error-context.md]]

[[ATTACHMENT|test-results\homepage-Homepage-Tests-should-load-homepage-successfully-mobile-chrome-retry1\test-failed-1.png]]

[[ATTACHMENT|test-results\homepage-Homepage-Tests-should-load-homepage-successfully-mobile-chrome-retry1\video.webm]]

[[ATTACHMENT|test-results\homepage-Homepage-Tests-should-load-homepage-successfully-mobile-chrome-retry1\error-context.md]]

[[ATTACHMENT|test-results\homepage-Homepage-Tests-should-load-homepage-successfully-mobile-chrome-retry1\trace.zip]]
]]>
</system-out>
</testcase>
<testcase name="Homepage Tests › should display navigation menu" classname="homepage.spec.ts" time="1.599">
</testcase>
<testcase name="Homepage Tests › should perform search functionality" classname="homepage.spec.ts" time="1.836">
</testcase>
<testcase name="Homepage Tests › should navigate to getting started page" classname="homepage.spec.ts" time="1.946">
</testcase>
<testcase name="Homepage Tests › should handle mobile viewport" classname="homepage.spec.ts" time="4.961">
<failure message="homepage.spec.ts:56:7 should handle mobile viewport" type="FAILURE">
<![CDATA[  [mobile-chrome] › homepage.spec.ts:56:7 › Homepage Tests › should handle mobile viewport ─────────

    Error: expect(received).toBeTruthy()

    Received: false

      66 |     // Verify page loads correctly on mobile
      67 |     const isLogoVisible = await homePage.verifyHomePageLoaded();
    > 68 |     expect(isLogoVisible).toBeTruthy();
         |                           ^
      69 |     
      70 |     // Verify viewport size is correct
      71 |     const viewportSize = page.viewportSize();
        at C:\Users\Autom\TestAuto-Pw\tests\homepage.spec.ts:68:27

    attachment #1: screenshot (image/png) ──────────────────────────────────────────────────────────
    ..\test-results\homepage-Homepage-Tests-should-handle-mobile-viewport-mobile-chrome\test-failed-1.png
    ────────────────────────────────────────────────────────────────────────────────────────────────

    attachment #2: video (video/webm) ──────────────────────────────────────────────────────────────
    ..\test-results\homepage-Homepage-Tests-should-handle-mobile-viewport-mobile-chrome\video.webm
    ────────────────────────────────────────────────────────────────────────────────────────────────

    Error Context: ..\test-results\homepage-Homepage-Tests-should-handle-mobile-viewport-mobile-chrome\error-context.md

    Retry #1 ───────────────────────────────────────────────────────────────────────────────────────

    Error: expect(received).toBeTruthy()

    Received: false

      66 |     // Verify page loads correctly on mobile
      67 |     const isLogoVisible = await homePage.verifyHomePageLoaded();
    > 68 |     expect(isLogoVisible).toBeTruthy();
         |                           ^
      69 |     
      70 |     // Verify viewport size is correct
      71 |     const viewportSize = page.viewportSize();
        at C:\Users\Autom\TestAuto-Pw\tests\homepage.spec.ts:68:27

    attachment #1: screenshot (image/png) ──────────────────────────────────────────────────────────
    ..\test-results\homepage-Homepage-Tests-should-handle-mobile-viewport-mobile-chrome-retry1\test-failed-1.png
    ────────────────────────────────────────────────────────────────────────────────────────────────

    attachment #2: video (video/webm) ──────────────────────────────────────────────────────────────
    ..\test-results\homepage-Homepage-Tests-should-handle-mobile-viewport-mobile-chrome-retry1\video.webm
    ────────────────────────────────────────────────────────────────────────────────────────────────

    Error Context: ..\test-results\homepage-Homepage-Tests-should-handle-mobile-viewport-mobile-chrome-retry1\error-context.md

    attachment #4: trace (application/zip) ─────────────────────────────────────────────────────────
    ..\test-results\homepage-Homepage-Tests-should-handle-mobile-viewport-mobile-chrome-retry1\trace.zip
    Usage:

        npx playwright show-trace ..\test-results\homepage-Homepage-Tests-should-handle-mobile-viewport-mobile-chrome-retry1\trace.zip

    ────────────────────────────────────────────────────────────────────────────────────────────────
]]>
</failure>
<system-out>
<![CDATA[
[[ATTACHMENT|test-results\homepage-Homepage-Tests-should-handle-mobile-viewport-mobile-chrome\test-failed-1.png]]

[[ATTACHMENT|test-results\homepage-Homepage-Tests-should-handle-mobile-viewport-mobile-chrome\video.webm]]

[[ATTACHMENT|test-results\homepage-Homepage-Tests-should-handle-mobile-viewport-mobile-chrome\error-context.md]]

[[ATTACHMENT|test-results\homepage-Homepage-Tests-should-handle-mobile-viewport-mobile-chrome-retry1\test-failed-1.png]]

[[ATTACHMENT|test-results\homepage-Homepage-Tests-should-handle-mobile-viewport-mobile-chrome-retry1\video.webm]]

[[ATTACHMENT|test-results\homepage-Homepage-Tests-should-handle-mobile-viewport-mobile-chrome-retry1\error-context.md]]

[[ATTACHMENT|test-results\homepage-Homepage-Tests-should-handle-mobile-viewport-mobile-chrome-retry1\trace.zip]]
]]>
</system-out>
</testcase>
<testcase name="Homepage Tests › should take screenshot for visual testing" classname="homepage.spec.ts" time="4.972">
<failure message="homepage.spec.ts:76:7 should take screenshot for visual testing" type="FAILURE">
<![CDATA[  [mobile-chrome] › homepage.spec.ts:76:7 › Homepage Tests › should take screenshot for visual testing 

    Error: expect(received).toBeTruthy()

    Received: false

      83 |     // Verify screenshot was taken (file exists)
      84 |     const isLogoVisible = await homePage.verifyHomePageLoaded();
    > 85 |     expect(isLogoVisible).toBeTruthy();
         |                           ^
      86 |   });
      87 | });
        at C:\Users\Autom\TestAuto-Pw\tests\homepage.spec.ts:85:27

    attachment #1: screenshot (image/png) ──────────────────────────────────────────────────────────
    ..\test-results\homepage-Homepage-Tests-sh-b8d97-reenshot-for-visual-testing-mobile-chrome\test-failed-1.png
    ────────────────────────────────────────────────────────────────────────────────────────────────

    attachment #2: video (video/webm) ──────────────────────────────────────────────────────────────
    ..\test-results\homepage-Homepage-Tests-sh-b8d97-reenshot-for-visual-testing-mobile-chrome\video.webm
    ────────────────────────────────────────────────────────────────────────────────────────────────

    Error Context: ..\test-results\homepage-Homepage-Tests-sh-b8d97-reenshot-for-visual-testing-mobile-chrome\error-context.md

    Retry #1 ───────────────────────────────────────────────────────────────────────────────────────

    Error: expect(received).toBeTruthy()

    Received: false

      83 |     // Verify screenshot was taken (file exists)
      84 |     const isLogoVisible = await homePage.verifyHomePageLoaded();
    > 85 |     expect(isLogoVisible).toBeTruthy();
         |                           ^
      86 |   });
      87 | });
        at C:\Users\Autom\TestAuto-Pw\tests\homepage.spec.ts:85:27

    attachment #1: screenshot (image/png) ──────────────────────────────────────────────────────────
    ..\test-results\homepage-Homepage-Tests-sh-b8d97-reenshot-for-visual-testing-mobile-chrome-retry1\test-failed-1.png
    ────────────────────────────────────────────────────────────────────────────────────────────────

    attachment #2: video (video/webm) ──────────────────────────────────────────────────────────────
    ..\test-results\homepage-Homepage-Tests-sh-b8d97-reenshot-for-visual-testing-mobile-chrome-retry1\video.webm
    ────────────────────────────────────────────────────────────────────────────────────────────────

    Error Context: ..\test-results\homepage-Homepage-Tests-sh-b8d97-reenshot-for-visual-testing-mobile-chrome-retry1\error-context.md

    attachment #4: trace (application/zip) ─────────────────────────────────────────────────────────
    ..\test-results\homepage-Homepage-Tests-sh-b8d97-reenshot-for-visual-testing-mobile-chrome-retry1\trace.zip
    Usage:

        npx playwright show-trace ..\test-results\homepage-Homepage-Tests-sh-b8d97-reenshot-for-visual-testing-mobile-chrome-retry1\trace.zip

    ────────────────────────────────────────────────────────────────────────────────────────────────
]]>
</failure>
<system-out>
<![CDATA[
[[ATTACHMENT|test-results\homepage-Homepage-Tests-sh-b8d97-reenshot-for-visual-testing-mobile-chrome\test-failed-1.png]]

[[ATTACHMENT|test-results\homepage-Homepage-Tests-sh-b8d97-reenshot-for-visual-testing-mobile-chrome\video.webm]]

[[ATTACHMENT|test-results\homepage-Homepage-Tests-sh-b8d97-reenshot-for-visual-testing-mobile-chrome\error-context.md]]

[[ATTACHMENT|test-results\homepage-Homepage-Tests-sh-b8d97-reenshot-for-visual-testing-mobile-chrome-retry1\test-failed-1.png]]

[[ATTACHMENT|test-results\homepage-Homepage-Tests-sh-b8d97-reenshot-for-visual-testing-mobile-chrome-retry1\video.webm]]

[[ATTACHMENT|test-results\homepage-Homepage-Tests-sh-b8d97-reenshot-for-visual-testing-mobile-chrome-retry1\error-context.md]]

[[ATTACHMENT|test-results\homepage-Homepage-Tests-sh-b8d97-reenshot-for-visual-testing-mobile-chrome-retry1\trace.zip]]
]]>
</system-out>
</testcase>
</testsuite>
<testsuite name="api.spec.ts" timestamp="2025-10-29T01:24:31.945Z" hostname="mobile-safari" tests="8" failures="0" skipped="0" time="1.912" errors="0">
<testcase name="API Tests › should get all users" classname="api.spec.ts" time="0.275">
</testcase>
<testcase name="API Tests › should get specific user by ID" classname="api.spec.ts" time="0.073">
</testcase>
<testcase name="API Tests › should create new user" classname="api.spec.ts" time="0.514">
</testcase>
<testcase name="API Tests › should update user" classname="api.spec.ts" time="0.338">
</testcase>
<testcase name="API Tests › should delete user" classname="api.spec.ts" time="0.488">
</testcase>
<testcase name="API Tests › should handle 404 for non-existent user" classname="api.spec.ts" time="0.081">
</testcase>
<testcase name="API Tests › should get user posts" classname="api.spec.ts" time="0.074">
</testcase>
<testcase name="API Tests › should validate response headers" classname="api.spec.ts" time="0.069">
</testcase>
</testsuite>
<testsuite name="homepage.spec.ts" timestamp="2025-10-29T01:24:31.945Z" hostname="mobile-safari" tests="6" failures="3" skipped="0" time="22.17" errors="0">
<testcase name="Homepage Tests › should load homepage successfully" classname="homepage.spec.ts" time="4.347">
<failure message="homepage.spec.ts:9:7 should load homepage successfully" type="FAILURE">
<![CDATA[  [mobile-safari] › homepage.spec.ts:9:7 › Homepage Tests › should load homepage successfully ──────

    Error: expect(received).toBeTruthy()

    Received: false

      14 |     // Verify homepage elements are visible
      15 |     const isLogoVisible = await homePage.verifyHomePageLoaded();
    > 16 |     expect(isLogoVisible).toBeTruthy();
         |                           ^
      17 |   });
      18 |
      19 |   test('should display navigation menu', async ({ homePage }) => {
        at C:\Users\Autom\TestAuto-Pw\tests\homepage.spec.ts:16:27

    attachment #1: screenshot (image/png) ──────────────────────────────────────────────────────────
    ..\test-results\homepage-Homepage-Tests-should-load-homepage-successfully-mobile-safari\test-failed-1.png
    ────────────────────────────────────────────────────────────────────────────────────────────────

    attachment #2: video (video/webm) ──────────────────────────────────────────────────────────────
    ..\test-results\homepage-Homepage-Tests-should-load-homepage-successfully-mobile-safari\video.webm
    ────────────────────────────────────────────────────────────────────────────────────────────────

    Error Context: ..\test-results\homepage-Homepage-Tests-should-load-homepage-successfully-mobile-safari\error-context.md

    Retry #1 ───────────────────────────────────────────────────────────────────────────────────────

    Error: expect(received).toBeTruthy()

    Received: false

      14 |     // Verify homepage elements are visible
      15 |     const isLogoVisible = await homePage.verifyHomePageLoaded();
    > 16 |     expect(isLogoVisible).toBeTruthy();
         |                           ^
      17 |   });
      18 |
      19 |   test('should display navigation menu', async ({ homePage }) => {
        at C:\Users\Autom\TestAuto-Pw\tests\homepage.spec.ts:16:27

    attachment #1: screenshot (image/png) ──────────────────────────────────────────────────────────
    ..\test-results\homepage-Homepage-Tests-should-load-homepage-successfully-mobile-safari-retry1\test-failed-1.png
    ────────────────────────────────────────────────────────────────────────────────────────────────

    attachment #2: video (video/webm) ──────────────────────────────────────────────────────────────
    ..\test-results\homepage-Homepage-Tests-should-load-homepage-successfully-mobile-safari-retry1\video.webm
    ────────────────────────────────────────────────────────────────────────────────────────────────

    Error Context: ..\test-results\homepage-Homepage-Tests-should-load-homepage-successfully-mobile-safari-retry1\error-context.md

    attachment #4: trace (application/zip) ─────────────────────────────────────────────────────────
    ..\test-results\homepage-Homepage-Tests-should-load-homepage-successfully-mobile-safari-retry1\trace.zip
    Usage:

        npx playwright show-trace ..\test-results\homepage-Homepage-Tests-should-load-homepage-successfully-mobile-safari-retry1\trace.zip

    ────────────────────────────────────────────────────────────────────────────────────────────────
]]>
</failure>
<system-out>
<![CDATA[
[[ATTACHMENT|test-results\homepage-Homepage-Tests-should-load-homepage-successfully-mobile-safari\test-failed-1.png]]

[[ATTACHMENT|test-results\homepage-Homepage-Tests-should-load-homepage-successfully-mobile-safari\video.webm]]

[[ATTACHMENT|test-results\homepage-Homepage-Tests-should-load-homepage-successfully-mobile-safari\error-context.md]]

[[ATTACHMENT|test-results\homepage-Homepage-Tests-should-load-homepage-successfully-mobile-safari-retry1\test-failed-1.png]]

[[ATTACHMENT|test-results\homepage-Homepage-Tests-should-load-homepage-successfully-mobile-safari-retry1\video.webm]]

[[ATTACHMENT|test-results\homepage-Homepage-Tests-should-load-homepage-successfully-mobile-safari-retry1\error-context.md]]

[[ATTACHMENT|test-results\homepage-Homepage-Tests-should-load-homepage-successfully-mobile-safari-retry1\trace.zip]]
]]>
</system-out>
</testcase>
<testcase name="Homepage Tests › should display navigation menu" classname="homepage.spec.ts" time="1.93">
</testcase>
<testcase name="Homepage Tests › should perform search functionality" classname="homepage.spec.ts" time="2.78">
</testcase>
<testcase name="Homepage Tests › should navigate to getting started page" classname="homepage.spec.ts" time="2.723">
</testcase>
<testcase name="Homepage Tests › should handle mobile viewport" classname="homepage.spec.ts" time="5.632">
<failure message="homepage.spec.ts:56:7 should handle mobile viewport" type="FAILURE">
<![CDATA[  [mobile-safari] › homepage.spec.ts:56:7 › Homepage Tests › should handle mobile viewport ─────────

    Error: expect(received).toBeTruthy()

    Received: false

      66 |     // Verify page loads correctly on mobile
      67 |     const isLogoVisible = await homePage.verifyHomePageLoaded();
    > 68 |     expect(isLogoVisible).toBeTruthy();
         |                           ^
      69 |     
      70 |     // Verify viewport size is correct
      71 |     const viewportSize = page.viewportSize();
        at C:\Users\Autom\TestAuto-Pw\tests\homepage.spec.ts:68:27

    attachment #1: screenshot (image/png) ──────────────────────────────────────────────────────────
    ..\test-results\homepage-Homepage-Tests-should-handle-mobile-viewport-mobile-safari\test-failed-1.png
    ────────────────────────────────────────────────────────────────────────────────────────────────

    attachment #2: video (video/webm) ──────────────────────────────────────────────────────────────
    ..\test-results\homepage-Homepage-Tests-should-handle-mobile-viewport-mobile-safari\video.webm
    ────────────────────────────────────────────────────────────────────────────────────────────────

    Error Context: ..\test-results\homepage-Homepage-Tests-should-handle-mobile-viewport-mobile-safari\error-context.md

    Retry #1 ───────────────────────────────────────────────────────────────────────────────────────

    Error: expect(received).toBeTruthy()

    Received: false

      66 |     // Verify page loads correctly on mobile
      67 |     const isLogoVisible = await homePage.verifyHomePageLoaded();
    > 68 |     expect(isLogoVisible).toBeTruthy();
         |                           ^
      69 |     
      70 |     // Verify viewport size is correct
      71 |     const viewportSize = page.viewportSize();
        at C:\Users\Autom\TestAuto-Pw\tests\homepage.spec.ts:68:27

    attachment #1: screenshot (image/png) ──────────────────────────────────────────────────────────
    ..\test-results\homepage-Homepage-Tests-should-handle-mobile-viewport-mobile-safari-retry1\test-failed-1.png
    ────────────────────────────────────────────────────────────────────────────────────────────────

    attachment #2: video (video/webm) ──────────────────────────────────────────────────────────────
    ..\test-results\homepage-Homepage-Tests-should-handle-mobile-viewport-mobile-safari-retry1\video.webm
    ────────────────────────────────────────────────────────────────────────────────────────────────

    Error Context: ..\test-results\homepage-Homepage-Tests-should-handle-mobile-viewport-mobile-safari-retry1\error-context.md

    attachment #4: trace (application/zip) ─────────────────────────────────────────────────────────
    ..\test-results\homepage-Homepage-Tests-should-handle-mobile-viewport-mobile-safari-retry1\trace.zip
    Usage:

        npx playwright show-trace ..\test-results\homepage-Homepage-Tests-should-handle-mobile-viewport-mobile-safari-retry1\trace.zip

    ────────────────────────────────────────────────────────────────────────────────────────────────
]]>
</failure>
<system-out>
<![CDATA[
[[ATTACHMENT|test-results\homepage-Homepage-Tests-should-handle-mobile-viewport-mobile-safari\test-failed-1.png]]

[[ATTACHMENT|test-results\homepage-Homepage-Tests-should-handle-mobile-viewport-mobile-safari\video.webm]]

[[ATTACHMENT|test-results\homepage-Homepage-Tests-should-handle-mobile-viewport-mobile-safari\error-context.md]]

[[ATTACHMENT|test-results\homepage-Homepage-Tests-should-handle-mobile-viewport-mobile-safari-retry1\test-failed-1.png]]

[[ATTACHMENT|test-results\homepage-Homepage-Tests-should-handle-mobile-viewport-mobile-safari-retry1\video.webm]]

[[ATTACHMENT|test-results\homepage-Homepage-Tests-should-handle-mobile-viewport-mobile-safari-retry1\error-context.md]]

[[ATTACHMENT|test-results\homepage-Homepage-Tests-should-handle-mobile-viewport-mobile-safari-retry1\trace.zip]]
]]>
</system-out>
</testcase>
<testcase name="Homepage Tests › should take screenshot for visual testing" classname="homepage.spec.ts" time="4.758">
<failure message="homepage.spec.ts:76:7 should take screenshot for visual testing" type="FAILURE">
<![CDATA[  [mobile-safari] › homepage.spec.ts:76:7 › Homepage Tests › should take screenshot for visual testing 

    Error: expect(received).toBeTruthy()

    Received: false

      83 |     // Verify screenshot was taken (file exists)
      84 |     const isLogoVisible = await homePage.verifyHomePageLoaded();
    > 85 |     expect(isLogoVisible).toBeTruthy();
         |                           ^
      86 |   });
      87 | });
        at C:\Users\Autom\TestAuto-Pw\tests\homepage.spec.ts:85:27

    attachment #1: screenshot (image/png) ──────────────────────────────────────────────────────────
    ..\test-results\homepage-Homepage-Tests-sh-b8d97-reenshot-for-visual-testing-mobile-safari\test-failed-1.png
    ────────────────────────────────────────────────────────────────────────────────────────────────

    attachment #2: video (video/webm) ──────────────────────────────────────────────────────────────
    ..\test-results\homepage-Homepage-Tests-sh-b8d97-reenshot-for-visual-testing-mobile-safari\video.webm
    ────────────────────────────────────────────────────────────────────────────────────────────────

    Error Context: ..\test-results\homepage-Homepage-Tests-sh-b8d97-reenshot-for-visual-testing-mobile-safari\error-context.md

    Retry #1 ───────────────────────────────────────────────────────────────────────────────────────

    Error: expect(received).toBeTruthy()

    Received: false

      83 |     // Verify screenshot was taken (file exists)
      84 |     const isLogoVisible = await homePage.verifyHomePageLoaded();
    > 85 |     expect(isLogoVisible).toBeTruthy();
         |                           ^
      86 |   });
      87 | });
        at C:\Users\Autom\TestAuto-Pw\tests\homepage.spec.ts:85:27

    attachment #1: screenshot (image/png) ──────────────────────────────────────────────────────────
    ..\test-results\homepage-Homepage-Tests-sh-b8d97-reenshot-for-visual-testing-mobile-safari-retry1\test-failed-1.png
    ────────────────────────────────────────────────────────────────────────────────────────────────

    attachment #2: video (video/webm) ──────────────────────────────────────────────────────────────
    ..\test-results\homepage-Homepage-Tests-sh-b8d97-reenshot-for-visual-testing-mobile-safari-retry1\video.webm
    ────────────────────────────────────────────────────────────────────────────────────────────────

    Error Context: ..\test-results\homepage-Homepage-Tests-sh-b8d97-reenshot-for-visual-testing-mobile-safari-retry1\error-context.md

    attachment #4: trace (application/zip) ─────────────────────────────────────────────────────────
    ..\test-results\homepage-Homepage-Tests-sh-b8d97-reenshot-for-visual-testing-mobile-safari-retry1\trace.zip
    Usage:

        npx playwright show-trace ..\test-results\homepage-Homepage-Tests-sh-b8d97-reenshot-for-visual-testing-mobile-safari-retry1\trace.zip

    ────────────────────────────────────────────────────────────────────────────────────────────────
]]>
</failure>
<system-out>
<![CDATA[
[[ATTACHMENT|test-results\homepage-Homepage-Tests-sh-b8d97-reenshot-for-visual-testing-mobile-safari\test-failed-1.png]]

[[ATTACHMENT|test-results\homepage-Homepage-Tests-sh-b8d97-reenshot-for-visual-testing-mobile-safari\video.webm]]

[[ATTACHMENT|test-results\homepage-Homepage-Tests-sh-b8d97-reenshot-for-visual-testing-mobile-safari\error-context.md]]

[[ATTACHMENT|test-results\homepage-Homepage-Tests-sh-b8d97-reenshot-for-visual-testing-mobile-safari-retry1\test-failed-1.png]]

[[ATTACHMENT|test-results\homepage-Homepage-Tests-sh-b8d97-reenshot-for-visual-testing-mobile-safari-retry1\video.webm]]

[[ATTACHMENT|test-results\homepage-Homepage-Tests-sh-b8d97-reenshot-for-visual-testing-mobile-safari-retry1\error-context.md]]

[[ATTACHMENT|test-results\homepage-Homepage-Tests-sh-b8d97-reenshot-for-visual-testing-mobile-safari-retry1\trace.zip]]
]]>
</system-out>
</testcase>
</testsuite>
</testsuites>